[backblue.gif]
[fade.gif]
[index.html]
[fxquicktrade.com/images/favicon.png]
[fxquicktrade.com/js/modernizr.js]
[fxquicktrade.com/images/styleswitcher/colors/orange.png]
[fxquicktrade.com/images/styleswitcher/colors/green.png]
[fxquicktrade.com/images/styleswitcher/colors/blue.png]
[fxquicktrade.com/images/logo-dark.png]
[fxquicktrade.com/images/icons/orange/download-bitcoin.png]
[fxquicktrade.com/images/icons/orange/add-bitcoins.png]
[fxquicktrade.com/images/icons/orange/buy-sell-bitcoins.png]
[fxquicktrade.com/images/about-us.png]
[fxquicktrade.com/images/icons/orange/strong-security.png]
[fxquicktrade.com/images/icons/orange/world-coverage.png]
[fxquicktrade.com/images/icons/orange/payment-options.png]
[fxquicktrade.com/images/icons/orange/mobile-app.png]
[fxquicktrade.com/images/icons/orange/cost-efficiency.png]
[fxquicktrade.com/images/icons/orange/high-liquidity.png]
[fxquicktrade.com/images/team/member1.jpg]
[fxquicktrade.com/images/team/member2.jpg]
[fxquicktrade.com/images/team/member3.jpg]
[fxquicktrade.com/images/team/member4.jpg]
[fxquicktrade.com/images/ceo.jpg]
[www.tutorialrepublic.com/examples/images/clients/2.jpg]
[uccexpress.ie/wp-content/uploads/2019/11/aman-150x150.jpg]
[s3.amazonaws.com/ogden_images/www.ljworld.com/images/2013/09/21110604/obamacare_profile-150x150.jpg]
[shinecreativeindustries.com/wp-content/uploads/2016/06/large_designer-profileimage-39656640@2x.jpg]
[redwoodfinancial.co.uk/wp-content/uploads/2017/11/Redwood-Financial-Summer-Profile-007-1024x1024.jpg]
[media.aws.iaaf.org/athletes/256496.jpg]
[www.tutorialrepublic.com/examples/images/clients/1.jpg]
[www.tutorialrepublic.com/examples/images/clients/3.jpg]
[gogeomatics.ca/wp-content/uploads/profile_hongyu-450x450.png]
[www.leibniz-inm.de/wp-content/uploads/prof-dr-bennewitz-roland-450x450.jpg]
[fxquicktrade.com/images/blog/blog-post-small-1.jpg]
[fxquicktrade.com/images/blog/blog-post-small-2.jpg]
[fxquicktrade.com/images/blog/blog-post-small-3.jpg]
[fxquicktrade.com/images/pt.jpg]
[fxquicktrade.com/images/icons/payment/american-express.png]
[fxquicktrade.com/images/icons/payment/mastercard.png]
[fxquicktrade.com/images/icons/payment/visa.png]
[fxquicktrade.com/images/icons/payment/paypal.png]
[fxquicktrade.com/images/icons/payment/maestro.png]
[fxquicktrade.com/js/jquery-2.2.4.min.js]
[fxquicktrade.com/js/bootstrap.min.js]
[fxquicktrade.com/js/select2.min.js]
[fxquicktrade.com/js/jquery.magnific-popup.min.js]
[fxquicktrade.com/js/custom.js]
[fxquicktrade.com/js/styleswitcher.js]
[fxquicktrade.com/index.html]
[fxquicktrade.com/fonts/fontawesome-webfont3e6e3e6e.eot]
[fxquicktrade.com/fonts/fontawesome-webfontd41dd41d.eot]
[fxquicktrade.com/fonts/fontawesome-webfont3e6e3e6e.woff]
[fxquicktrade.com/fonts/fontawesome-webfont3e6e3e6e.ttf]
[fxquicktrade.com/css/font-awesome.min.css]
[fxquicktrade.com/css/bootstrap.min.css]
[fxquicktrade.com/css/magnific-popup.css]
[fxquicktrade.com/css/select2.min.css]
[fxquicktrade.com/images/bg.png]
[fxquicktrade.com/images/slider/bg1.jpg]
[fxquicktrade.com/images/slider/bg2.jpg]
[fxquicktrade.com/images/backgrounds/bg-banner.jpg]
[fxquicktrade.com/images/backgrounds/bg-video.jpg]
[fxquicktrade.com/images/backgrounds/bg-calculator.jpg]
[fxquicktrade.com/images/backgrounds/bg-quote.jpg]
[fxquicktrade.com/images/backgrounds/call-to-action-bg.jpg]
[fxquicktrade.com/images/backgrounds/bg-user.jpg]
[fxquicktrade.com/images/backgrounds/bg-user-2.jpg]
[fxquicktrade.com/images/backgrounds/bg-user-3.jpg]
[fxquicktrade.com/images/backgrounds/404.jpg]
[fxquicktrade.com/images/backgrounds/503.jpg]
[fxquicktrade.com/images/backgrounds/coming-soon.jpg]
[fxquicktrade.com/css/style.css]
[fxquicktrade.com/css/skins/orange.css]
[fxquicktrade.com/css/skins/green.css]
[fxquicktrade.com/css/skins/blue.css]
[fxquicktrade.com/css/styleswitcher.css]
[fxquicktrade.com/login.html]
[fxquicktrade.com/register.html]
[fxquicktrade.com/about.html]
[fxquicktrade.com/services.html]
[fxquicktrade.com/faq.html]
[fxquicktrade.com/contact.html]
[fxquicktrade.com/index-2.html]
[fxquicktrade.com/terms-of-services.html]
[fxquicktrade.com/fonts/fontawesome-webfont3e6e3e6e.html]
[fxquicktrade.com/fonts/fontawesome-webfont3e6e3e6e.svg]
[fxquicktrade.com/fonts/glyphicons-halflings-regular.html]
[fxquicktrade.com/fonts/glyphicons-halflings-regular.eot-.html]
[fxquicktrade.com/fonts/glyphicons-halflings-regular.woff2.html]
[fxquicktrade.com/fonts/glyphicons-halflings-regular-2.html]
[fxquicktrade.com/fonts/glyphicons-halflings-regular-3.html]
[fxquicktrade.com/fonts/glyphicons-halflings-regular.svg.html]
[fxquicktrade.com/blog-post.html]
[fxquicktrade.com/blog-post-light.html]
[fxquicktrade.com/templateshub.html]
